../Drivers/STM32L4xx_HAL_Driver/Src/stm32l4xx_hal_i2c.c:6771:13:I2C_Flush_TXDR	0	static
../Drivers/STM32L4xx_HAL_Driver/Src/stm32l4xx_hal_i2c.c:7346:13:I2C_TransferConfig	12	static
../Drivers/STM32L4xx_HAL_Driver/Src/stm32l4xx_hal_i2c.c:7375:13:I2C_Enable_IRQ	16	static
../Drivers/STM32L4xx_HAL_Driver/Src/stm32l4xx_hal_i2c.c:7466:13:I2C_Disable_IRQ	0	static
../Drivers/STM32L4xx_HAL_Driver/Src/stm32l4xx_hal_i2c.c:7205:26:I2C_IsErrorOccurred	24	static
../Drivers/STM32L4xx_HAL_Driver/Src/stm32l4xx_hal_i2c.c:7049:26:I2C_WaitOnTXISFlagUntilTimeout	16	static
../Drivers/STM32L4xx_HAL_Driver/Src/stm32l4xx_hal_i2c.c:7009:26:I2C_WaitOnFlagUntilTimeout	24	static
../Drivers/STM32L4xx_HAL_Driver/Src/stm32l4xx_hal_i2c.c:7090:26:I2C_WaitOnSTOPFlagUntilTimeout	16	static
../Drivers/STM32L4xx_HAL_Driver/Src/stm32l4xx_hal_i2c.c:7128:26:I2C_WaitOnRXNEFlagUntilTimeout	32	static
../Drivers/STM32L4xx_HAL_Driver/Src/stm32l4xx_hal_i2c.c:7529:13:I2C_ConvertOtherXferOptions	0	static
../Drivers/STM32L4xx_HAL_Driver/Src/stm32l4xx_hal_i2c.c:696:13:HAL_I2C_MspInit	0	static
../Drivers/STM32L4xx_HAL_Driver/Src/stm32l4xx_hal_i2c.c:535:19:HAL_I2C_Init	8	static
../Drivers/STM32L4xx_HAL_Driver/Src/stm32l4xx_hal_i2c.c:712:13:HAL_I2C_MspDeInit	0	static
../Drivers/STM32L4xx_HAL_Driver/Src/stm32l4xx_hal_i2c.c:650:19:HAL_I2C_DeInit	8	static
../Drivers/STM32L4xx_HAL_Driver/Src/stm32l4xx_hal_i2c.c:1119:19:HAL_I2C_Master_Transmit	40	static
../Drivers/STM32L4xx_HAL_Driver/Src/stm32l4xx_hal_i2c.c:1260:19:HAL_I2C_Master_Receive	40	static
../Drivers/STM32L4xx_HAL_Driver/Src/stm32l4xx_hal_i2c.c:1378:19:HAL_I2C_Slave_Transmit	40	static
../Drivers/STM32L4xx_HAL_Driver/Src/stm32l4xx_hal_i2c.c:1565:19:HAL_I2C_Slave_Receive	40	static
../Drivers/STM32L4xx_HAL_Driver/Src/stm32l4xx_hal_i2c.c:1695:19:HAL_I2C_Master_Transmit_IT	32	static
../Drivers/STM32L4xx_HAL_Driver/Src/stm32l4xx_hal_i2c.c:1785:19:HAL_I2C_Master_Receive_IT	24	static
../Drivers/STM32L4xx_HAL_Driver/Src/stm32l4xx_hal_i2c.c:1854:19:HAL_I2C_Slave_Transmit_IT	8	static
../Drivers/STM32L4xx_HAL_Driver/Src/stm32l4xx_hal_i2c.c:1918:19:HAL_I2C_Slave_Receive_IT	16	static
../Drivers/STM32L4xx_HAL_Driver/Src/stm32l4xx_hal_i2c.c:1970:19:HAL_I2C_Master_Transmit_DMA	32	static
../Drivers/STM32L4xx_HAL_Driver/Src/stm32l4xx_hal_i2c.c:2133:19:HAL_I2C_Master_Receive_DMA	32	static
../Drivers/STM32L4xx_HAL_Driver/Src/stm32l4xx_hal_i2c.c:2278:19:HAL_I2C_Slave_Transmit_DMA	16	static
../Drivers/STM32L4xx_HAL_Driver/Src/stm32l4xx_hal_i2c.c:2414:19:HAL_I2C_Slave_Receive_DMA	16	static
../Drivers/STM32L4xx_HAL_Driver/Src/stm32l4xx_hal_i2c.c:2523:19:HAL_I2C_Mem_Write	48	static
../Drivers/STM32L4xx_HAL_Driver/Src/stm32l4xx_hal_i2c.c:2660:19:HAL_I2C_Mem_Read	48	static
../Drivers/STM32L4xx_HAL_Driver/Src/stm32l4xx_hal_i2c.c:2797:19:HAL_I2C_Mem_Write_IT	32	static
../Drivers/STM32L4xx_HAL_Driver/Src/stm32l4xx_hal_i2c.c:2885:19:HAL_I2C_Mem_Read_IT	32	static
../Drivers/STM32L4xx_HAL_Driver/Src/stm32l4xx_hal_i2c.c:2972:19:HAL_I2C_Mem_Write_DMA	32	static
../Drivers/STM32L4xx_HAL_Driver/Src/stm32l4xx_hal_i2c.c:3118:19:HAL_I2C_Mem_Read_DMA	32	static
../Drivers/STM32L4xx_HAL_Driver/Src/stm32l4xx_hal_i2c.c:3263:19:HAL_I2C_IsDeviceReady	48	static
../Drivers/STM32L4xx_HAL_Driver/Src/stm32l4xx_hal_i2c.c:3402:19:HAL_I2C_Master_Seq_Transmit_IT	32	static
../Drivers/STM32L4xx_HAL_Driver/Src/stm32l4xx_hal_i2c.c:3516:19:HAL_I2C_Master_Seq_Transmit_DMA	40	static
../Drivers/STM32L4xx_HAL_Driver/Src/stm32l4xx_hal_i2c.c:3713:19:HAL_I2C_Master_Seq_Receive_IT	24	static
../Drivers/STM32L4xx_HAL_Driver/Src/stm32l4xx_hal_i2c.c:3800:19:HAL_I2C_Master_Seq_Receive_DMA	40	static
../Drivers/STM32L4xx_HAL_Driver/Src/stm32l4xx_hal_i2c.c:3966:19:HAL_I2C_Slave_Seq_Transmit_IT	24	static
../Drivers/STM32L4xx_HAL_Driver/Src/stm32l4xx_hal_i2c.c:4066:19:HAL_I2C_Slave_Seq_Transmit_DMA	24	static
../Drivers/STM32L4xx_HAL_Driver/Src/stm32l4xx_hal_i2c.c:4250:19:HAL_I2C_Slave_Seq_Receive_IT	24	static
../Drivers/STM32L4xx_HAL_Driver/Src/stm32l4xx_hal_i2c.c:4350:19:HAL_I2C_Slave_Seq_Receive_DMA	24	static
../Drivers/STM32L4xx_HAL_Driver/Src/stm32l4xx_hal_i2c.c:4530:19:HAL_I2C_EnableListen_IT	8	static
../Drivers/STM32L4xx_HAL_Driver/Src/stm32l4xx_hal_i2c.c:4554:19:HAL_I2C_DisableListen_IT	8	static
../Drivers/STM32L4xx_HAL_Driver/Src/stm32l4xx_hal_i2c.c:4587:19:HAL_I2C_Master_Abort_IT	24	static
../Drivers/STM32L4xx_HAL_Driver/Src/stm32l4xx_hal_i2c.c:4651:6:HAL_I2C_EV_IRQHandler	0	static
../Drivers/STM32L4xx_HAL_Driver/Src/stm32l4xx_hal_i2c.c:4722:13:HAL_I2C_MasterTxCpltCallback	0	static
../Drivers/STM32L4xx_HAL_Driver/Src/stm32l4xx_hal_i2c.c:4738:13:HAL_I2C_MasterRxCpltCallback	0	static
../Drivers/STM32L4xx_HAL_Driver/Src/stm32l4xx_hal_i2c.c:6065:13:I2C_ITMasterSeqCplt	16	static
../Drivers/STM32L4xx_HAL_Driver/Src/stm32l4xx_hal_i2c.c:4753:13:HAL_I2C_SlaveTxCpltCallback	0	static
../Drivers/STM32L4xx_HAL_Driver/Src/stm32l4xx_hal_i2c.c:4769:13:HAL_I2C_SlaveRxCpltCallback	0	static
../Drivers/STM32L4xx_HAL_Driver/Src/stm32l4xx_hal_i2c.c:6118:13:I2C_ITSlaveSeqCplt	8	static
../Drivers/STM32L4xx_HAL_Driver/Src/stm32l4xx_hal_i2c.c:6843:13:I2C_DMASlaveTransmitCplt	0	static
../Drivers/STM32L4xx_HAL_Driver/Src/stm32l4xx_hal_i2c.c:6931:13:I2C_DMASlaveReceiveCplt	0	static
../Drivers/STM32L4xx_HAL_Driver/Src/stm32l4xx_hal_i2c.c:4787:13:HAL_I2C_AddrCallback	0	static
../Drivers/STM32L4xx_HAL_Driver/Src/stm32l4xx_hal_i2c.c:5970:13:I2C_ITAddrCplt.constprop	24	static
../Drivers/STM32L4xx_HAL_Driver/Src/stm32l4xx_hal_i2c.c:4805:13:HAL_I2C_ListenCpltCallback	0	static
../Drivers/STM32L4xx_HAL_Driver/Src/stm32l4xx_hal_i2c.c:6551:13:I2C_ITListenCplt	8	static
../Drivers/STM32L4xx_HAL_Driver/Src/stm32l4xx_hal_i2c.c:4821:13:HAL_I2C_MemTxCpltCallback	0	static
../Drivers/STM32L4xx_HAL_Driver/Src/stm32l4xx_hal_i2c.c:4837:13:HAL_I2C_MemRxCpltCallback	0	static
../Drivers/STM32L4xx_HAL_Driver/Src/stm32l4xx_hal_i2c.c:4853:13:HAL_I2C_ErrorCallback	0	static
../Drivers/STM32L4xx_HAL_Driver/Src/stm32l4xx_hal_i2c.c:4869:13:HAL_I2C_AbortCpltCallback	0	static
../Drivers/STM32L4xx_HAL_Driver/Src/stm32l4xx_hal_i2c.c:6733:13:I2C_TreatErrorCallback	8	static
../Drivers/STM32L4xx_HAL_Driver/Src/stm32l4xx_hal_i2c.c:6602:13:I2C_ITError	16	static
../Drivers/STM32L4xx_HAL_Driver/Src/stm32l4xx_hal_i2c.c:6192:13:I2C_ITMasterCplt	24	static
../Drivers/STM32L4xx_HAL_Driver/Src/stm32l4xx_hal_i2c.c:4952:26:I2C_Master_ISR_IT	24	static
../Drivers/STM32L4xx_HAL_Driver/Src/stm32l4xx_hal_i2c.c:5558:26:I2C_Mem_ISR_DMA	16	static
../Drivers/STM32L4xx_HAL_Driver/Src/stm32l4xx_hal_i2c.c:5410:26:I2C_Master_ISR_DMA	24	static
../Drivers/STM32L4xx_HAL_Driver/Src/stm32l4xx_hal_i2c.c:6960:13:I2C_DMAError	0	static
../Drivers/STM32L4xx_HAL_Driver/Src/stm32l4xx_hal_i2c.c:6792:13:I2C_DMAMasterTransmitCplt	8	static
../Drivers/STM32L4xx_HAL_Driver/Src/stm32l4xx_hal_i2c.c:6872:13:I2C_DMAMasterReceiveCplt	8	static
../Drivers/STM32L4xx_HAL_Driver/Src/stm32l4xx_hal_i2c.c:5111:26:I2C_Mem_ISR_IT	24	static
../Drivers/STM32L4xx_HAL_Driver/Src/stm32l4xx_hal_i2c.c:4670:6:HAL_I2C_ER_IRQHandler	4	static
../Drivers/STM32L4xx_HAL_Driver/Src/stm32l4xx_hal_i2c.c:6335:13:I2C_ITSlaveCplt.constprop	24	static
../Drivers/STM32L4xx_HAL_Driver/Src/stm32l4xx_hal_i2c.c:5722:26:I2C_Slave_ISR_DMA	16	static
../Drivers/STM32L4xx_HAL_Driver/Src/stm32l4xx_hal_i2c.c:5270:26:I2C_Slave_ISR_IT	16	static
../Drivers/STM32L4xx_HAL_Driver/Src/stm32l4xx_hal_i2c.c:6979:13:I2C_DMAAbort	0	static
../Drivers/STM32L4xx_HAL_Driver/Src/stm32l4xx_hal_i2c.c:4904:22:HAL_I2C_GetState	0	static
../Drivers/STM32L4xx_HAL_Driver/Src/stm32l4xx_hal_i2c.c:4916:21:HAL_I2C_GetMode	0	static
../Drivers/STM32L4xx_HAL_Driver/Src/stm32l4xx_hal_i2c.c:4927:10:HAL_I2C_GetError	0	static
